###############################################################################
#
# IAR ELF Linker V8.20.1.14183/W32 for ARM                01/Dec/2017  15:41:00
# Copyright 2007-2017 IAR Systems AB.
#
#    Output file  =  
#        C:\Users\patri\Google Drive\Skola\Projekt i IS (5hp)\Projekt IB -
#        Clean Speech\15hp\IAR
#        Programmering\EmbedProj_0.1\STM32F107VCT6\Exe\EmbedProj_0.1.out
#    Map file     =  
#        C:\Users\patri\Google Drive\Skola\Projekt i IS (5hp)\Projekt IB -
#        Clean Speech\15hp\IAR
#        Programmering\EmbedProj_0.1\STM32F107VCT6\List\EmbedProj_0.1.map
#    Command line =  
#        -f C:\Users\patri\AppData\Local\Temp\EW2C0C.tmp
#        ("C:\Users\patri\Google Drive\Skola\Projekt i IS (5hp)\Projekt IB -
#        Clean Speech\15hp\IAR
#        Programmering\EmbedProj_0.1\STM32F107VCT6\Obj\decoder.o"
#        "C:\Users\patri\Google Drive\Skola\Projekt i IS (5hp)\Projekt IB -
#        Clean Speech\15hp\IAR
#        Programmering\EmbedProj_0.1\STM32F107VCT6\Obj\drv_glcd.o"
#        "C:\Users\patri\Google Drive\Skola\Projekt i IS (5hp)\Projekt IB -
#        Clean Speech\15hp\IAR
#        Programmering\EmbedProj_0.1\STM32F107VCT6\Obj\functions.o"
#        "C:\Users\patri\Google Drive\Skola\Projekt i IS (5hp)\Projekt IB -
#        Clean Speech\15hp\IAR
#        Programmering\EmbedProj_0.1\STM32F107VCT6\Obj\glcd_ll.o"
#        "C:\Users\patri\Google Drive\Skola\Projekt i IS (5hp)\Projekt IB -
#        Clean Speech\15hp\IAR
#        Programmering\EmbedProj_0.1\STM32F107VCT6\Obj\i2c1_drv.o"
#        "C:\Users\patri\Google Drive\Skola\Projekt i IS (5hp)\Projekt IB -
#        Clean Speech\15hp\IAR
#        Programmering\EmbedProj_0.1\STM32F107VCT6\Obj\main.o"
#        "C:\Users\patri\Google Drive\Skola\Projekt i IS (5hp)\Projekt IB -
#        Clean Speech\15hp\IAR
#        Programmering\EmbedProj_0.1\STM32F107VCT6\Obj\misc.o"
#        "C:\Users\patri\Google Drive\Skola\Projekt i IS (5hp)\Projekt IB -
#        Clean Speech\15hp\IAR
#        Programmering\EmbedProj_0.1\STM32F107VCT6\Obj\startup_stm32f10x_cl.o"
#        "C:\Users\patri\Google Drive\Skola\Projekt i IS (5hp)\Projekt IB -
#        Clean Speech\15hp\IAR
#        Programmering\EmbedProj_0.1\STM32F107VCT6\Obj\stm32f10x_adc.o"
#        "C:\Users\patri\Google Drive\Skola\Projekt i IS (5hp)\Projekt IB -
#        Clean Speech\15hp\IAR
#        Programmering\EmbedProj_0.1\STM32F107VCT6\Obj\stm32f10x_bkp.o"
#        "C:\Users\patri\Google Drive\Skola\Projekt i IS (5hp)\Projekt IB -
#        Clean Speech\15hp\IAR
#        Programmering\EmbedProj_0.1\STM32F107VCT6\Obj\stm32f10x_can.o"
#        "C:\Users\patri\Google Drive\Skola\Projekt i IS (5hp)\Projekt IB -
#        Clean Speech\15hp\IAR
#        Programmering\EmbedProj_0.1\STM32F107VCT6\Obj\stm32f10x_cec.o"
#        "C:\Users\patri\Google Drive\Skola\Projekt i IS (5hp)\Projekt IB -
#        Clean Speech\15hp\IAR
#        Programmering\EmbedProj_0.1\STM32F107VCT6\Obj\stm32f10x_crc.o"
#        "C:\Users\patri\Google Drive\Skola\Projekt i IS (5hp)\Projekt IB -
#        Clean Speech\15hp\IAR
#        Programmering\EmbedProj_0.1\STM32F107VCT6\Obj\stm32f10x_dac.o"
#        "C:\Users\patri\Google Drive\Skola\Projekt i IS (5hp)\Projekt IB -
#        Clean Speech\15hp\IAR
#        Programmering\EmbedProj_0.1\STM32F107VCT6\Obj\stm32f10x_dbgmcu.o"
#        "C:\Users\patri\Google Drive\Skola\Projekt i IS (5hp)\Projekt IB -
#        Clean Speech\15hp\IAR
#        Programmering\EmbedProj_0.1\STM32F107VCT6\Obj\stm32f10x_dma.o"
#        "C:\Users\patri\Google Drive\Skola\Projekt i IS (5hp)\Projekt IB -
#        Clean Speech\15hp\IAR
#        Programmering\EmbedProj_0.1\STM32F107VCT6\Obj\stm32f10x_exti.o"
#        "C:\Users\patri\Google Drive\Skola\Projekt i IS (5hp)\Projekt IB -
#        Clean Speech\15hp\IAR
#        Programmering\EmbedProj_0.1\STM32F107VCT6\Obj\stm32f10x_flash.o"
#        "C:\Users\patri\Google Drive\Skola\Projekt i IS (5hp)\Projekt IB -
#        Clean Speech\15hp\IAR
#        Programmering\EmbedProj_0.1\STM32F107VCT6\Obj\stm32f10x_fsmc.o"
#        "C:\Users\patri\Google Drive\Skola\Projekt i IS (5hp)\Projekt IB -
#        Clean Speech\15hp\IAR
#        Programmering\EmbedProj_0.1\STM32F107VCT6\Obj\stm32f10x_gpio.o"
#        "C:\Users\patri\Google Drive\Skola\Projekt i IS (5hp)\Projekt IB -
#        Clean Speech\15hp\IAR
#        Programmering\EmbedProj_0.1\STM32F107VCT6\Obj\stm32f10x_i2c.o"
#        "C:\Users\patri\Google Drive\Skola\Projekt i IS (5hp)\Projekt IB -
#        Clean Speech\15hp\IAR
#        Programmering\EmbedProj_0.1\STM32F107VCT6\Obj\stm32f10x_it.o"
#        "C:\Users\patri\Google Drive\Skola\Projekt i IS (5hp)\Projekt IB -
#        Clean Speech\15hp\IAR
#        Programmering\EmbedProj_0.1\STM32F107VCT6\Obj\stm32f10x_iwdg.o"
#        "C:\Users\patri\Google Drive\Skola\Projekt i IS (5hp)\Projekt IB -
#        Clean Speech\15hp\IAR
#        Programmering\EmbedProj_0.1\STM32F107VCT6\Obj\stm32f10x_pwr.o"
#        "C:\Users\patri\Google Drive\Skola\Projekt i IS (5hp)\Projekt IB -
#        Clean Speech\15hp\IAR
#        Programmering\EmbedProj_0.1\STM32F107VCT6\Obj\stm32f10x_rcc.o"
#        "C:\Users\patri\Google Drive\Skola\Projekt i IS (5hp)\Projekt IB -
#        Clean Speech\15hp\IAR
#        Programmering\EmbedProj_0.1\STM32F107VCT6\Obj\stm32f10x_rtc.o"
#        "C:\Users\patri\Google Drive\Skola\Projekt i IS (5hp)\Projekt IB -
#        Clean Speech\15hp\IAR
#        Programmering\EmbedProj_0.1\STM32F107VCT6\Obj\stm32f10x_sdio.o"
#        "C:\Users\patri\Google Drive\Skola\Projekt i IS (5hp)\Projekt IB -
#        Clean Speech\15hp\IAR
#        Programmering\EmbedProj_0.1\STM32F107VCT6\Obj\stm32f10x_spi.o"
#        "C:\Users\patri\Google Drive\Skola\Projekt i IS (5hp)\Projekt IB -
#        Clean Speech\15hp\IAR
#        Programmering\EmbedProj_0.1\STM32F107VCT6\Obj\stm32f10x_tim.o"
#        "C:\Users\patri\Google Drive\Skola\Projekt i IS (5hp)\Projekt IB -
#        Clean Speech\15hp\IAR
#        Programmering\EmbedProj_0.1\STM32F107VCT6\Obj\stm32f10x_usart.o"
#        "C:\Users\patri\Google Drive\Skola\Projekt i IS (5hp)\Projekt IB -
#        Clean Speech\15hp\IAR
#        Programmering\EmbedProj_0.1\STM32F107VCT6\Obj\stm32f10x_wwdg.o"
#        "C:\Users\patri\Google Drive\Skola\Projekt i IS (5hp)\Projekt IB -
#        Clean Speech\15hp\IAR
#        Programmering\EmbedProj_0.1\STM32F107VCT6\Obj\system_stm32f10x.o"
#        "C:\Users\patri\Google Drive\Skola\Projekt i IS (5hp)\Projekt IB -
#        Clean Speech\15hp\IAR
#        Programmering\EmbedProj_0.1\STM32F107VCT6\Obj\Terminal_18_24x12.o"
#        "C:\Users\patri\Google Drive\Skola\Projekt i IS (5hp)\Projekt IB -
#        Clean Speech\15hp\IAR
#        Programmering\EmbedProj_0.1\STM32F107VCT6\Obj\Terminal_6_8x6.o"
#        "C:\Users\patri\Google Drive\Skola\Projekt i IS (5hp)\Projekt IB -
#        Clean Speech\15hp\IAR
#        Programmering\EmbedProj_0.1\STM32F107VCT6\Obj\Terminal_9_12x6.o" -o
#        "C:\Users\patri\Google Drive\Skola\Projekt i IS (5hp)\Projekt IB -
#        Clean Speech\15hp\IAR
#        Programmering\EmbedProj_0.1\STM32F107VCT6\Exe\EmbedProj_0.1.out"
#        --redirect _Printf=_PrintfFullNoMb --redirect _Scanf=_ScanfFullNoMb
#        --map "C:\Users\patri\Google Drive\Skola\Projekt i IS (5hp)\Projekt IB
#        - Clean Speech\15hp\IAR
#        Programmering\EmbedProj_0.1\STM32F107VCT6\List\EmbedProj_0.1.map"
#        --config "C:\Users\patri\Google Drive\Skola\Projekt i IS (5hp)\Projekt
#        IB - Clean Speech\15hp\IAR
#        Programmering\EmbedProj_0.1\STM32F10x_FLASH.icf" --semihosting --entry
#        __iar_program_start --redirect __iar_sh_stdout=__iar_sh_stdout_swo
#        "C:\Program Files (x86)\IAR Systems\Embedded Workbench
#        8.0\arm\CMSIS\Lib\IAR\iar_cortexM3l_math.a" --vfe --text_out locale)
#
###############################################################################

*******************************************************************************
*** RUNTIME MODEL ATTRIBUTES
***

CppFlavor       = *
__SystemLibrary = DLib
__dlib_version  = 6


*******************************************************************************
*** HEAP SELECTION
***

The basic heap was selected because some modules are built with
size limitations (and not runtime checking), and --advanced_heap
was not specified.


*******************************************************************************
*** PLACEMENT SUMMARY
***

"A0":  place at 0x08000000 { ro section .intvec };
"P2":  place in [from 0x08000000 to 0x0803ffff] { ro };
define block CSTACK with size = 1K, alignment = 8 { };
define block HEAP with size = 512, alignment = 8 { };
"P3":  place in [from 0x20000000 to 0x2000ffff] {
          rw, block CSTACK, block HEAP };
initialize by copy { rw };

No sections matched the following patterns:

  rw data section USB_PACKET_MEMORY  in "P1"


  Section            Kind        Address     Size  Object
  -------            ----        -------     ----  ------
"A0":                                       0x150
  .intvec            ro code  0x08000000    0x150  startup_stm32f10x_cl.o [1]
                            - 0x08000150    0x150

"P2":                                     0x1751d
  .rodata            const    0x08000150  0x13458  arm_common_tables.o [4]
  .text              ro code  0x080135a8    0xa5e  arm_cfft_f32.o [4]
  .text              ro code  0x08014006     0x7a  lz77_init_single.o [6]
  .text              ro code  0x08014080     0xe2  FltAdd.o [5]
  .text              ro code  0x08014164     0x80  FltSub.o [5]
  .text              ro code  0x080141e4     0xd8  FltMul.o [5]
  .text              ro code  0x080142bc    0x8ac  arm_cfft_radix8_f32.o [4]
  .text              ro code  0x08014b68     0xc0  arm_bitreversal2.o [4]
  .text              ro code  0x08014c28     0x1c  U32ToFlt.o [5]
  .text              ro code  0x08014c44     0xfc  FltDiv.o [5]
  .text              ro code  0x08014d40    0x3fc  main.o [1]
  .text              ro code  0x0801513c     0x18  main.o [1]
  .text              ro code  0x08015154    0x130  system_stm32f10x.o [1]
  .text              ro code  0x08015284     0x14  main.o [1]
  .text              ro code  0x08015298    0x1d0  functions.o [1]
  .text              ro code  0x08015468     0xa6  ABImemcpy.o [6]
  .text              ro code  0x08015510     0xc8  stm32f10x_gpio.o [1]
  .text              ro code  0x080155d8     0x94  stm32f10x_exti.o [1]
  .text              ro code  0x0801566c    0x110  stm32f10x_tim.o [1]
  .text              ro code  0x0801577c     0x4c  stm32f10x_dac.o [1]
  .text              ro code  0x080157c8     0x50  stm32f10x_rcc.o [1]
  .text              ro code  0x08015818     0x6c  misc.o [1]
  .text              ro code  0x08015884    0x140  stm32f10x_adc.o [1]
  .text              ro code  0x080159c4    0x1bc  stm32f10x_dma.o [1]
  .text              ro code  0x08015b80     0x48  FltToDbl.o [5]
  .text              ro code  0x08015bc8    0x364  logx64.o [5]
  .text              ro code  0x08015f2c     0x68  DblToFlt.o [5]
  .text              ro code  0x08015f94    0x154  arm_mat_mult_f32.o [4]
  .text              ro code  0x080160e8     0x70  frexp.o [5]
  .text              ro code  0x08016158    0x13a  ldexp.o [5]
  .text              ro code  0x08016294    0x178  DblAdd.o [5]
  .text              ro code  0x0801640c    0x246  DblDiv.o [5]
  .text              ro code  0x08016654    0x1a2  DblMul.o [5]
  .text              ro code  0x080167f8     0xe2  DblSub.o [5]
  .text              ro code  0x080168dc     0x22  S32ToDbl.o [5]
  .text              ro code  0x080168fe    0x25a  arm_rfft_fast_f32.o [4]
  .text              ro code  0x08016b58    0x140  arm_rfft_fast_init_f32.o [4]
  .text              ro code  0x08016c98    0x130  stm32f10x_it.o [1]
  .text              ro code  0x08016dc8    0x110  arm_cmplx_mag_f32.o [4]
  .text              ro code  0x08016ed8     0x24  FltCmpGe.o [5]
  .text              ro code  0x08016efc     0x74  sqrtf.o [5]
  .text              ro code  0x08016f70     0x40  zero_init3.o [6]
  .text              ro code  0x08016fb0     0x28  data_init.o [6]
  .iar.init_table    const    0x08016fd8     0x20  - Linker created -
  .text              ro code  0x08016ff8     0x1e  cmain.o [6]
  .text              ro code  0x08017016      0x4  low_level_init.o [3]
  .text              ro code  0x0801701a      0x4  exit.o [3]
  .text              ro code  0x08017020      0xa  cexit.o [6]
  .text              ro code  0x0801702c     0x14  exit.o [7]
  .text              ro code  0x08017040     0x10  startup_stm32f10x_cl.o [1]
  .text              ro code  0x08017050      0xc  cstartup_M.o [6]
  .text              ro code  0x0801705c      0x4  startup_stm32f10x_cl.o [1]
  .text              ro code  0x08017060      0x4  startup_stm32f10x_cl.o [1]
  .text              ro code  0x08017064      0x4  startup_stm32f10x_cl.o [1]
  .text              ro code  0x08017068      0x4  startup_stm32f10x_cl.o [1]
  .text              ro code  0x0801706c      0x4  startup_stm32f10x_cl.o [1]
  .text              ro code  0x08017070      0x4  startup_stm32f10x_cl.o [1]
  .text              ro code  0x08017074      0x4  startup_stm32f10x_cl.o [1]
  .text              ro code  0x08017078      0x4  startup_stm32f10x_cl.o [1]
  .text              ro code  0x0801707c      0x4  startup_stm32f10x_cl.o [1]
  .text              ro code  0x08017080      0x4  startup_stm32f10x_cl.o [1]
  .text              ro code  0x08017084      0x4  startup_stm32f10x_cl.o [1]
  .text              ro code  0x08017088      0x4  startup_stm32f10x_cl.o [1]
  .text              ro code  0x0801708c      0x4  startup_stm32f10x_cl.o [1]
  .text              ro code  0x08017090      0x4  startup_stm32f10x_cl.o [1]
  .text              ro code  0x08017094      0x4  startup_stm32f10x_cl.o [1]
  .text              ro code  0x08017098      0x4  startup_stm32f10x_cl.o [1]
  .text              ro code  0x0801709c      0x4  startup_stm32f10x_cl.o [1]
  .text              ro code  0x080170a0      0x4  startup_stm32f10x_cl.o [1]
  .text              ro code  0x080170a4      0x4  startup_stm32f10x_cl.o [1]
  .text              ro code  0x080170a8      0x4  startup_stm32f10x_cl.o [1]
  .text              ro code  0x080170ac      0x4  startup_stm32f10x_cl.o [1]
  .text              ro code  0x080170b0      0x4  startup_stm32f10x_cl.o [1]
  .text              ro code  0x080170b4      0x4  startup_stm32f10x_cl.o [1]
  .text              ro code  0x080170b8      0x4  startup_stm32f10x_cl.o [1]
  .text              ro code  0x080170bc      0x4  startup_stm32f10x_cl.o [1]
  .text              ro code  0x080170c0      0x4  startup_stm32f10x_cl.o [1]
  .text              ro code  0x080170c4      0x4  startup_stm32f10x_cl.o [1]
  .text              ro code  0x080170c8      0x4  startup_stm32f10x_cl.o [1]
  .text              ro code  0x080170cc      0x4  startup_stm32f10x_cl.o [1]
  .text              ro code  0x080170d0      0x4  startup_stm32f10x_cl.o [1]
  .text              ro code  0x080170d4      0x4  startup_stm32f10x_cl.o [1]
  .text              ro code  0x080170d8      0x4  startup_stm32f10x_cl.o [1]
  .text              ro code  0x080170dc      0x4  startup_stm32f10x_cl.o [1]
  .text              ro code  0x080170e0      0x4  startup_stm32f10x_cl.o [1]
  .text              ro code  0x080170e4      0x4  startup_stm32f10x_cl.o [1]
  .text              ro code  0x080170e8      0x4  startup_stm32f10x_cl.o [1]
  .text              ro code  0x080170ec      0x4  startup_stm32f10x_cl.o [1]
  .text              ro code  0x080170f0      0x4  startup_stm32f10x_cl.o [1]
  .text              ro code  0x080170f4      0x4  startup_stm32f10x_cl.o [1]
  .text              ro code  0x080170f8      0x4  startup_stm32f10x_cl.o [1]
  .text              ro code  0x080170fc      0x4  startup_stm32f10x_cl.o [1]
  .text              ro code  0x08017100      0x4  startup_stm32f10x_cl.o [1]
  .text              ro code  0x08017104      0x4  startup_stm32f10x_cl.o [1]
  .text              ro code  0x08017108      0x4  startup_stm32f10x_cl.o [1]
  .text              ro code  0x0801710c      0x4  startup_stm32f10x_cl.o [1]
  .text              ro code  0x08017110      0x4  startup_stm32f10x_cl.o [1]
  .text              ro code  0x08017114      0x4  startup_stm32f10x_cl.o [1]
  .text              ro code  0x08017118      0x4  startup_stm32f10x_cl.o [1]
  .text              ro code  0x0801711c      0x4  startup_stm32f10x_cl.o [1]
  .text              ro code  0x08017120      0x4  startup_stm32f10x_cl.o [1]
  .text              ro code  0x08017124      0x4  startup_stm32f10x_cl.o [1]
  .text              ro code  0x08017128      0x4  startup_stm32f10x_cl.o [1]
  .rodata            const    0x0801712c      0x0  zero_init3.o [6]
  .rodata            const    0x0801712c      0x0  lz77_init_single.o [6]
  Initializer bytes  const    0x0801712c    0x541  <for P3-1>
                            - 0x0801766d  0x1751d

"P3", part 1 of 3:                          0xfb8
  P3-1                        0x20000000    0xfb8  <Init block>
    .data            inited   0x20000000    0x34c  functions.o [1]
    .data            inited   0x2000034c     0x34  functions.o [1]
    .data            inited   0x20000380    0x614  functions.o [1]
    .data            inited   0x20000994    0x410  functions.o [1]
    .data            inited   0x20000da4    0x204  main.o [1]
    .data            inited   0x20000fa8     0x10  main.o [1]
                            - 0x20000fb8    0xfb8

"P3", part 2 of 3:                          0x928
  .bss               zero     0x20000fb8    0x61c  stm32f10x_it.o [1]
  .bss               zero     0x200015d4    0x200  main.o [1]
  .bss               zero     0x200017d4     0xd0  functions.o [1]
  .bss               zero     0x200018a4     0x34  main.o [1]
  .bss               zero     0x200018d8      0x4  main.o [1]
  .bss               zero     0x200018dc      0x2  stm32f10x_it.o [1]
  .bss               zero     0x200018de      0x2  stm32f10x_it.o [1]
                            - 0x200018e0    0x928

"P3", part 3 of 3:                          0x400
  CSTACK                      0x200018e0    0x400  <Block>
    CSTACK           uninit   0x200018e0    0x400  <Block tail>
                            - 0x20001ce0    0x400


*******************************************************************************
*** INIT TABLE
***

          Address     Size
          -------     ----
Zero (__iar_zero_init3)
    1 destination range, total size 0x928:
          0x20000fb8  0x928

Copy/lz77 (__iar_lz77_init_single3)
    1 source range, total size 0x541 (33% of destination):
          0x0801712c  0x541
    1 destination range, total size 0xfb8:
          0x20000000  0xfb8



*******************************************************************************
*** MODULE SUMMARY
***

    Module                    ro code  ro data  rw data
    ------                    -------  -------  -------
C:\Users\patri\Google Drive\Skola\Projekt i IS (5hp)\Projekt IB - Clean Speech\15hp\IAR Programmering\EmbedProj_0.1\STM32F107VCT6\Obj: [1]
    functions.o                   464    1 167    3 700
    main.o                      1 064      178    1 100
    misc.o                        108
    startup_stm32f10x_cl.o        560
    stm32f10x_adc.o               320
    stm32f10x_dac.o                76
    stm32f10x_dma.o               444
    stm32f10x_exti.o              148
    stm32f10x_gpio.o              200
    stm32f10x_it.o                304             1 568
    stm32f10x_rcc.o                80
    stm32f10x_tim.o               272
    system_stm32f10x.o            304
    ---------------------------------------------------
    Total:                      4 344    1 345    6 368

command line: [2]
    ---------------------------------------------------
    Total:

dl7M_tln.a: [3]
    exit.o                          4
    low_level_init.o                4
    ---------------------------------------------------
    Total:                          8

iar_cortexM3l_math.a: [4]
    arm_bitreversal2.o            192
    arm_cfft_f32.o              2 654
    arm_cfft_radix8_f32.o       2 220
    arm_cmplx_mag_f32.o           272
    arm_common_tables.o                 78 936
    arm_mat_mult_f32.o            340
    arm_rfft_fast_f32.o           602
    arm_rfft_fast_init_f32.o      320
    ---------------------------------------------------
    Total:                      6 600   78 936

m7M_tl.a: [5]
    DblAdd.o                      376
    DblDiv.o                      582
    DblMul.o                      418
    DblSub.o                      226
    DblToFlt.o                    104
    FltAdd.o                      226
    FltCmpGe.o                     36
    FltDiv.o                      252
    FltMul.o                      216
    FltSub.o                      128
    FltToDbl.o                     72
    S32ToDbl.o                     34
    U32ToFlt.o                     28
    frexp.o                       112
    ldexp.o                       314
    logx64.o                      868
    sqrtf.o                       116
    ---------------------------------------------------
    Total:                      4 108

rt7M_tl.a: [6]
    ABImemcpy.o                   166
    cexit.o                        10
    cmain.o                        30
    cstartup_M.o                   12
    data_init.o                    40
    lz77_init_single.o            122
    zero_init3.o                   64
    ---------------------------------------------------
    Total:                        444

shb_l.a: [7]
    exit.o                         20
    ---------------------------------------------------
    Total:                         20

    Gaps                           16
    Linker created                          32    1 024
-------------------------------------------------------
    Grand Total:               15 540   80 313    7 392


*******************************************************************************
*** ENTRY LIST
***

Entry                      Address    Size  Type      Object
-----                      -------    ----  ----      ------
.iar.init_table$$Base   0x08016fd8           --   Gb  - Linker created -
.iar.init_table$$Limit  0x08016ff8           --   Gb  - Linker created -
?main                   0x08016ff9          Code  Gb  cmain.o [6]
ADC1_2_IRQHandler       0x08016d11     0x2  Code  Gb  stm32f10x_it.o [1]
ADC_Cmd                 0x080158c1    0x16  Code  Gb  stm32f10x_adc.o [1]
ADC_DMACmd              0x080158d7    0x16  Code  Gb  stm32f10x_adc.o [1]
ADC_GetCalibrationStatus
                        0x08015921     0xa  Code  Gb  stm32f10x_adc.o [1]
ADC_GetResetCalibrationStatus
                        0x0801590d     0xa  Code  Gb  stm32f10x_adc.o [1]
ADC_ITConfig            0x080158ed    0x16  Code  Gb  stm32f10x_adc.o [1]
ADC_Init                0x08015885    0x3c  Code  Gb  stm32f10x_adc.o [1]
ADC_RegularChannelConfig
                        0x08015941    0x7c  Code  Gb  stm32f10x_adc.o [1]
ADC_ResetCalibration    0x08015903     0xa  Code  Gb  stm32f10x_adc.o [1]
ADC_SoftwareStartConvCmd
                        0x0801592b    0x16  Code  Gb  stm32f10x_adc.o [1]
ADC_StartCalibration    0x08015917     0xa  Code  Gb  stm32f10x_adc.o [1]
BusFault_Handler        0x08016d01     0x2  Code  Gb  stm32f10x_it.o [1]
CAN1_RX0_IRQHandler     0x08016d8d     0x2  Code  Gb  stm32f10x_it.o [1]
CSTACK$$Base            0x200018e0           --   Gb  - Linker created -
CSTACK$$Limit           0x20001ce0           --   Gb  - Linker created -
CriticalSecCntr         0x200018d8     0x4  Data  Gb  main.o [1]
DAC_Cmd                 0x080157a5    0x20  Code  Gb  stm32f10x_dac.o [1]
DAC_Init                0x0801577d    0x28  Code  Gb  stm32f10x_dac.o [1]
DCT                     0x20000994   0x410  Data  Gb  functions.o [1]
DCT_mat                 0x2000098c     0x8  Data  Gb  functions.o [1]
DMA1_Channel1_IRQHandler
                        0x08016c99    0x62  Code  Gb  stm32f10x_it.o [1]
DMAHtControllFlag       0x20000fb8     0x1  Data  Gb  stm32f10x_it.o [1]
DMA_ClearFlag           0x08015b2f    0x10  Code  Gb  stm32f10x_dma.o [1]
DMA_Cmd                 0x08015ae7    0x1a  Code  Gb  stm32f10x_dma.o [1]
DMA_DeInit              0x080159c5    0xec  Code  Gb  stm32f10x_dma.o [1]
DMA_GetFlagStatus       0x08015b15    0x1a  Code  Gb  stm32f10x_dma.o [1]
DMA_ITConfig            0x08015b01    0x14  Code  Gb  stm32f10x_dma.o [1]
DMA_Init                0x08015ab1    0x36  Code  Gb  stm32f10x_dma.o [1]
DebugMon_Handler        0x08016d07     0x2  Code  Gb  stm32f10x_it.o [1]
EXTI15_10_IRQHandler    0x08016d91     0x2  Code  Gb  stm32f10x_it.o [1]
EXTI1_IRQHandler        0x08016d93    0x1e  Code  Gb  stm32f10x_it.o [1]
EXTI_ClearITPendingBit  0x0801565b     0x6  Code  Gb  stm32f10x_exti.o [1]
EXTI_GetITStatus        0x08015643    0x18  Code  Gb  stm32f10x_exti.o [1]
EXTI_Init               0x080155d9    0x6a  Code  Gb  stm32f10x_exti.o [1]
EntrCritSection         0x0801513d    0x18  Code  Gb  main.o [1]
ExtCritSection          0x08015285    0x14  Code  Gb  main.o [1]
GPIO_EXTILineConfig     0x080155af    0x24  Code  Gb  stm32f10x_gpio.o [1]
GPIO_Init               0x08015511    0x9a  Code  Gb  stm32f10x_gpio.o [1]
GPIO_SetBits            0x080155ab     0x4  Code  Gb  stm32f10x_gpio.o [1]
H2                      0x2000039c   0x5f0  Data  Gb  functions.o [1]
H2_start                0x20000380    0x14  Data  Gb  functions.o [1]
HardFault_Handler       0x08016cfd     0x2  Code  Gb  stm32f10x_it.o [1]
I2C1_ER_IRQHandler      0x08016d0d     0x2  Code  Gb  stm32f10x_it.o [1]
I2C1_EV_IRQHandler      0x08016d0f     0x2  Code  Gb  stm32f10x_it.o [1]
MFCC                    0x200018a4    0x34  Data  Gb  main.o [1]
MFCC_mat                0x20000fb0     0x8  Data  Gb  main.o [1]
MemManage_Handler       0x08016cff     0x2  Code  Gb  stm32f10x_it.o [1]
NMI_Handler             0x08016cfb     0x2  Code  Gb  stm32f10x_it.o [1]
NVIC_Init               0x08015819    0x5a  Code  Gb  misc.o [1]
PADC_Init_func          0x08014fab    0xe0  Code  Gb  main.o [1]
PDAC_Init_func          0x08014e87    0x6e  Code  Gb  main.o [1]
PDMA_Configuration      0x0801508b    0x64  Code  Gb  main.o [1]
PGPIO_Configuration     0x08014de5    0xa2  Code  Gb  main.o [1]
PRCC_Configuration      0x08014ef5    0x34  Code  Gb  main.o [1]
PRNVIC_Conf             0x08014f29    0x82  Code  Gb  main.o [1]
PendSV_Handler          0x08016d09     0x2  Code  Gb  stm32f10x_it.o [1]
RCC_AHBPeriphClockCmd   0x080157c9    0x16  Code  Gb  stm32f10x_rcc.o [1]
RCC_APB1PeriphClockCmd  0x080157f5    0x16  Code  Gb  stm32f10x_rcc.o [1]
RCC_APB2PeriphClockCmd  0x080157df    0x16  Code  Gb  stm32f10x_rcc.o [1]
Region$$Table$$Base     0x08016fd8           --   Gb  - Linker created -
Region$$Table$$Limit    0x08016ff8           --   Gb  - Linker created -
SVC_Handler             0x08016d05     0x2  Code  Gb  stm32f10x_it.o [1]
S_RFFT_1                0x200015bc    0x18  Data  Gb  stm32f10x_it.o [1]
SetSysClock             0x080151a1     0x2  Code  Lc  system_stm32f10x.o [1]
SetSysClockTo72         0x080151a3    0xc6  Code  Lc  system_stm32f10x.o [1]
SysTick_Handler         0x08016d0b     0x2  Code  Gb  stm32f10x_it.o [1]
SystemInit              0x08015155    0x4c  Code  Gb  system_stm32f10x.o [1]
TIM1_UP_IRQHandler      0x08016d8f     0x2  Code  Gb  stm32f10x_it.o [1]
TIM6_IRQHandler         0x08016d7d    0x10  Code  Gb  stm32f10x_it.o [1]
TIM_ClearFlag           0x0801574f     0x6  Code  Gb  stm32f10x_tim.o [1]
TIM_Cmd                 0x0801570f    0x1a  Code  Gb  stm32f10x_tim.o [1]
TIM_ITConfig            0x08015729    0x14  Code  Gb  stm32f10x_tim.o [1]
TIM_SelectOutputTrigger
                        0x0801573d    0x12  Code  Gb  stm32f10x_tim.o [1]
TIM_TimeBaseInit        0x0801566d    0x90  Code  Gb  stm32f10x_tim.o [1]
TIM_TimeBaseStructInit  0x080156fd    0x12  Code  Gb  stm32f10x_tim.o [1]
UsageFault_Handler      0x08016d03     0x2  Code  Gb  stm32f10x_it.o [1]
__aeabi_cfrcmple        0x08016ed9          Code  Gb  FltCmpGe.o [5]
__aeabi_d2f             0x08015f2d          Code  Gb  DblToFlt.o [5]
__aeabi_dadd            0x08016295          Code  Gb  DblAdd.o [5]
__aeabi_ddiv            0x0801640d          Code  Gb  DblDiv.o [5]
__aeabi_dmul            0x08016655          Code  Gb  DblMul.o [5]
__aeabi_dsub            0x080167f9          Code  Gb  DblSub.o [5]
__aeabi_f2d             0x08015b81          Code  Gb  FltToDbl.o [5]
__aeabi_fadd            0x08014081          Code  Gb  FltAdd.o [5]
__aeabi_fdiv            0x08014c45          Code  Gb  FltDiv.o [5]
__aeabi_fmul            0x080141e5          Code  Gb  FltMul.o [5]
__aeabi_fsub            0x08014165          Code  Gb  FltSub.o [5]
__aeabi_i2d             0x080168dd          Code  Gb  S32ToDbl.o [5]
__aeabi_memcpy          0x08015469          Code  Gb  ABImemcpy.o [6]
__aeabi_memcpy4         0x08015489          Code  Gb  ABImemcpy.o [6]
__aeabi_memcpy8         0x08015489          Code  Gb  ABImemcpy.o [6]
__aeabi_ui2f            0x08014c29          Code  Gb  U32ToFlt.o [5]
__cmain                 0x08016ff9          Code  Gb  cmain.o [6]
__exit                  0x0801702d    0x14  Code  Gb  exit.o [7]
__iar_Log64             0x08015bc9   0x2c6  Code  Lc  logx64.o [5]
__iar_dadd              0x08016809          Code  Gb  DblSub.o [5]
__iar_data_init3        0x08016fb1    0x28  Code  Gb  data_init.o [6]
__iar_dsub              0x080162a5          Code  Gb  DblAdd.o [5]
__iar_dsubStart         0x080162b7          Code  Gb  DblAdd.o [5]
__iar_fadd              0x08014171          Code  Gb  FltSub.o [5]
__iar_frexp             0x080160f5          Code  Gb  frexp.o [5]
__iar_frexp64           0x080160e9          Code  Gb  frexp.o [5]
__iar_frexpl            0x080160f5          Code  Gb  frexp.o [5]
__iar_fsub              0x0801408d          Code  Gb  FltAdd.o [5]
__iar_fsubStart         0x0801409d          Code  Gb  FltAdd.o [5]
__iar_ldexp64           0x08016159          Code  Gb  ldexp.o [5]
__iar_log64             0x08015f29     0x4  Code  Gb  logx64.o [5]
__iar_log_medium        0x08015f29     0x4  Code  Gb  logx64.o [5]
__iar_log_medium64      0x08015f29     0x4  Code  Gb  logx64.o [5]
__iar_log_mediuml       0x08015f29     0x4  Code  Gb  logx64.o [5]
__iar_lz77_init_single3
                        0x08014007    0x7a  Code  Gb  lz77_init_single.o [6]
__iar_program_start     0x08017051          Code  Gb  cstartup_M.o [6]
__iar_scalbln64         0x08016159          Code  Gb  ldexp.o [5]
__iar_scalbn64          0x08016159          Code  Gb  ldexp.o [5]
__iar_sqrt32            0x08016efd          Code  Gb  sqrtf.o [5]
__iar_systems$$module {Abs}
                        0x00000001          Data  Gb  command line/config [2]
__iar_zero_init3        0x08016f71    0x40  Code  Gb  zero_init3.o [6]
__low_level_init        0x08017017     0x4  Code  Gb  low_level_init.o [3]
__vector_table          0x08000000          Data  Gb  startup_stm32f10x_cl.o [1]
_call_main              0x08017005          Code  Gb  cmain.o [6]
_exit                   0x08017021          Code  Gb  cexit.o [6]
_main                   0x08017013          Code  Gb  cmain.o [6]
adc_sample_buffer       0x200015d4   0x200  Data  Gb  main.o [1]
adc_sample_buffer_overlap
                        0x200013bc   0x200  Data  Gb  stm32f10x_it.o [1]
armBitRevIndexTable1024
                        0x08008a58   0xe10  Data  Gb  arm_common_tables.o [4]
armBitRevIndexTable128  0x080081c8   0x1a0  Data  Gb  arm_common_tables.o [4]
armBitRevIndexTable16   0x080080d0    0x28  Data  Gb  arm_common_tables.o [4]
armBitRevIndexTable2048
                        0x08009868  0x1dc0  Data  Gb  arm_common_tables.o [4]
armBitRevIndexTable256  0x08008368   0x370  Data  Gb  arm_common_tables.o [4]
armBitRevIndexTable32   0x080080f8    0x60  Data  Gb  arm_common_tables.o [4]
armBitRevIndexTable512  0x080086d8   0x380  Data  Gb  arm_common_tables.o [4]
armBitRevIndexTable64   0x08008158    0x70  Data  Gb  arm_common_tables.o [4]
arm_bitreversal_16      0x08014bd3          Code  Gb  arm_bitreversal2.o [4]
arm_bitreversal_32      0x08014b69          Code  Gb  arm_bitreversal2.o [4]
arm_cfft_f32            0x08013e9b   0x16c  Code  Gb  arm_cfft_f32.o [4]
arm_cfft_radix8by2_f32  0x080135a9   0x23a  Code  Gb  arm_cfft_f32.o [4]
arm_cfft_radix8by4_f32  0x080137e3   0x6b8  Code  Gb  arm_cfft_f32.o [4]
arm_cmplx_mag_f32       0x08016dc9   0x110  Code  Gb  arm_cmplx_mag_f32.o [4]
arm_mat_mult_f32        0x08015f95   0x154  Code  Gb  arm_mat_mult_f32.o [4]
arm_radix8_butterfly_f32
                        0x080142bd   0x8ac  Code  Gb  arm_cfft_radix8_f32.o [4]
arm_rfft_fast_f32       0x08016b13    0x46  Code  Gb  arm_rfft_fast_f32.o [4]
arm_rfft_fast_init_f32  0x08016b59   0x140  Code  Gb  arm_rfft_fast_init_f32.o [4]
buttonPressed           0x200018dc     0x2  Data  Gb  stm32f10x_it.o [1]
ceplifter               0x2000034c    0x34  Data  Gb  functions.o [1]
ceplifter_mat           0x20000394     0x8  Data  Gb  functions.o [1]
doFft                   0x08016d13    0x40  Code  Gb  stm32f10x_it.o [1]
enableLed               0x08014db1    0x34  Code  Gb  main.o [1]
exit                    0x0801701b     0x4  Code  Gb  exit.o [3]
fft_input_and_output    0x20000fbc   0x400  Data  Gb  stm32f10x_it.o [1]
frame_power             0x20000da4   0x204  Data  Gb  main.o [1]
frame_power_mat         0x20000fa8     0x8  Data  Gb  main.o [1]
frexp                   0x080160e9          Code  Gb  frexp.o [5]
frexpl                  0x080160e9          Code  Gb  frexp.o [5]
initLexicon             0x0801534b    0x4e  Code  Gb  functions.o [1]
ldexp                   0x08016159          Code  Gb  ldexp.o [5]
ldexpl                  0x08016159          Code  Gb  ldexp.o [5]
log                     0x08015f29     0x4  Code  Gb  logx64.o [5]
logl                    0x08015f29     0x4  Code  Gb  logx64.o [5]
main                    0x08014d41    0x6e  Code  Gb  main.o [1]
merge_rfft_f32          0x08016a0d   0x106  Code  Gb  arm_rfft_fast_f32.o [4]
number_of_sequences     0x20000000     0x2  Data  Gb  functions.o [1]
outputSound             0x08016d53    0x2a  Code  Gb  stm32f10x_it.o [1]
playback_soundBuffer_index
                        0x200018de     0x2  Data  Gb  stm32f10x_it.o [1]
scalbln                 0x08016159          Code  Gb  ldexp.o [5]
scalblnl                0x08016159          Code  Gb  ldexp.o [5]
scalbn                  0x08016159          Code  Gb  ldexp.o [5]
scalbnl                 0x08016159          Code  Gb  ldexp.o [5]
searchPattern           0x080153dd    0x76  Code  Gb  functions.o [1]
sequenceConverter       0x08015399    0x44  Code  Gb  functions.o [1]
simple_mel_extractor_v2
                        0x08015299    0xb2  Code  Gb  functions.o [1]
sqrtf                   0x08016efd          Code  Gb  sqrtf.o [5]
stage_rfft_f32          0x080168ff   0x10e  Code  Gb  arm_rfft_fast_f32.o [4]
twiddleCoef_1024        0x080020d0  0x2000  Data  Gb  arm_common_tables.o [4]
twiddleCoef_128         0x080004d0   0x400  Data  Gb  arm_common_tables.o [4]
twiddleCoef_16          0x08000150    0x80  Data  Gb  arm_common_tables.o [4]
twiddleCoef_2048        0x080040d0  0x4000  Data  Gb  arm_common_tables.o [4]
twiddleCoef_256         0x080008d0   0x800  Data  Gb  arm_common_tables.o [4]
twiddleCoef_32          0x080001d0   0x100  Data  Gb  arm_common_tables.o [4]
twiddleCoef_512         0x080010d0  0x1000  Data  Gb  arm_common_tables.o [4]
twiddleCoef_64          0x080002d0   0x200  Data  Gb  arm_common_tables.o [4]
twiddleCoef_rfft_1024   0x0800c5a8  0x1000  Data  Gb  arm_common_tables.o [4]
twiddleCoef_rfft_128    0x0800b7a8   0x200  Data  Gb  arm_common_tables.o [4]
twiddleCoef_rfft_2048   0x0800d5a8  0x2000  Data  Gb  arm_common_tables.o [4]
twiddleCoef_rfft_256    0x0800b9a8   0x400  Data  Gb  arm_common_tables.o [4]
twiddleCoef_rfft_32     0x0800b628    0x80  Data  Gb  arm_common_tables.o [4]
twiddleCoef_rfft_4096   0x0800f5a8  0x4000  Data  Gb  arm_common_tables.o [4]
twiddleCoef_rfft_512    0x0800bda8   0x800  Data  Gb  arm_common_tables.o [4]
twiddleCoef_rfft_64     0x0800b6a8   0x100  Data  Gb  arm_common_tables.o [4]
word_sequence_length    0x20000004    0x28  Data  Gb  functions.o [1]
word_sequences          0x2000002c   0x320  Data  Gb  functions.o [1]
words                   0x200017d4    0xd0  Data  Gb  functions.o [1]


[1] = C:\Users\patri\Google Drive\Skola\Projekt i IS (5hp)\Projekt IB - Clean Speech\15hp\IAR Programmering\EmbedProj_0.1\STM32F107VCT6\Obj
[2] = command line
[3] = dl7M_tln.a
[4] = iar_cortexM3l_math.a
[5] = m7M_tl.a
[6] = rt7M_tl.a
[7] = shb_l.a

  15 540 bytes of readonly  code memory
  80 313 bytes of readonly  data memory
   7 392 bytes of readwrite data memory

Errors: none
Warnings: none
